../Src/nrf24.c:3:6:nRF24_CE_H	4	static
../Src/nrf24.c:4:6:nRF24_CE_L	4	static
../Src/nrf24.c:5:6:nRF24_CSN_H	4	static
../Src/nrf24.c:6:6:nRF24_CSN_L	4	static
../Src/nrf24.c:8:9:nRF24_LL_RW	16	static
../Src/nrf24.c:15:6:nRF24_HW_Init	4	static
../Src/nrf24.c:32:9:nRF24_ReadReg	24	static
../Src/nrf24.c:40:6:nRF24_WriteReg	16	static
../Src/nrf24.c:47:6:nRF24_WriteBuf	24	static
../Src/nrf24.c:55:6:nRF24_Init	8	static
../Src/nrf24.c:67:9:nRF24_Check	32	static
../Src/nrf24.c:80:6:nRF24_TX_Mode	16	static
../Src/nrf24.c:92:6:nRF24_WritePayload	24	static
../Src/nrf24.c:100:9:nRF24_ReadPayload	32	static
../Src/nrf24.c:113:6:nRF24_SetupRetransmissions	24	static
../Src/nrf24.c:138:9:nRF24_GetStatus	16	static
../Src/nrf24.c:145:6:nRF24_ClearIRQFlags	8	static
../Src/nrf24.c:149:6:nRF24_ReadBuf	32	static
../Src/nrf24.c:156:6:nRF24_RX_Mode	16	static
../Src/nrf24.c:168:6:SPI1_Init	4	static
