Archive member included to satisfy reference by file (symbol)

/opt/st/stm32cubeide_1.18.1/plugins/com.st.stm32cube.ide.mcu.externaltools.gnu-tools-for-stm32.13.3.rel1.linux64_1.0.0.202410170706/tools/bin/../lib/gcc/arm-none-eabi/13.3.1/../../../../arm-none-eabi/lib/thumb/v7-m/nofp/libc_nano.a(libc_a-exit.o)
                              /opt/st/stm32cubeide_1.18.1/plugins/com.st.stm32cube.ide.mcu.externaltools.gnu-tools-for-stm32.13.3.rel1.linux64_1.0.0.202410170706/tools/bin/../lib/gcc/arm-none-eabi/13.3.1/../../../../arm-none-eabi/lib/thumb/v7-m/nofp/crt0.o (exit)
/opt/st/stm32cubeide_1.18.1/plugins/com.st.stm32cube.ide.mcu.externaltools.gnu-tools-for-stm32.13.3.rel1.linux64_1.0.0.202410170706/tools/bin/../lib/gcc/arm-none-eabi/13.3.1/../../../../arm-none-eabi/lib/thumb/v7-m/nofp/libc_nano.a(libc_a-findfp.o)
                              /opt/st/stm32cubeide_1.18.1/plugins/com.st.stm32cube.ide.mcu.externaltools.gnu-tools-for-stm32.13.3.rel1.linux64_1.0.0.202410170706/tools/bin/../lib/gcc/arm-none-eabi/13.3.1/../../../../arm-none-eabi/lib/thumb/v7-m/nofp/libc_nano.a(libc_a-exit.o) (__stdio_exit_handler)
/opt/st/stm32cubeide_1.18.1/plugins/com.st.stm32cube.ide.mcu.externaltools.gnu-tools-for-stm32.13.3.rel1.linux64_1.0.0.202410170706/tools/bin/../lib/gcc/arm-none-eabi/13.3.1/../../../../arm-none-eabi/lib/thumb/v7-m/nofp/libc_nano.a(libc_a-fwalk.o)
                              /opt/st/stm32cubeide_1.18.1/plugins/com.st.stm32cube.ide.mcu.externaltools.gnu-tools-for-stm32.13.3.rel1.linux64_1.0.0.202410170706/tools/bin/../lib/gcc/arm-none-eabi/13.3.1/../../../../arm-none-eabi/lib/thumb/v7-m/nofp/libc_nano.a(libc_a-findfp.o) (_fwalk_sglue)
/opt/st/stm32cubeide_1.18.1/plugins/com.st.stm32cube.ide.mcu.externaltools.gnu-tools-for-stm32.13.3.rel1.linux64_1.0.0.202410170706/tools/bin/../lib/gcc/arm-none-eabi/13.3.1/../../../../arm-none-eabi/lib/thumb/v7-m/nofp/libc_nano.a(libc_a-snprintf.o)
                              ./Src/main.o (snprintf)
/opt/st/stm32cubeide_1.18.1/plugins/com.st.stm32cube.ide.mcu.externaltools.gnu-tools-for-stm32.13.3.rel1.linux64_1.0.0.202410170706/tools/bin/../lib/gcc/arm-none-eabi/13.3.1/../../../../arm-none-eabi/lib/thumb/v7-m/nofp/libc_nano.a(libc_a-sprintf.o)
                              ./Src/uart.o (sprintf)
/opt/st/stm32cubeide_1.18.1/plugins/com.st.stm32cube.ide.mcu.externaltools.gnu-tools-for-stm32.13.3.rel1.linux64_1.0.0.202410170706/tools/bin/../lib/gcc/arm-none-eabi/13.3.1/../../../../arm-none-eabi/lib/thumb/v7-m/nofp/libc_nano.a(libc_a-stdio.o)
                              /opt/st/stm32cubeide_1.18.1/plugins/com.st.stm32cube.ide.mcu.externaltools.gnu-tools-for-stm32.13.3.rel1.linux64_1.0.0.202410170706/tools/bin/../lib/gcc/arm-none-eabi/13.3.1/../../../../arm-none-eabi/lib/thumb/v7-m/nofp/libc_nano.a(libc_a-findfp.o) (__sread)
/opt/st/stm32cubeide_1.18.1/plugins/com.st.stm32cube.ide.mcu.externaltools.gnu-tools-for-stm32.13.3.rel1.linux64_1.0.0.202410170706/tools/bin/../lib/gcc/arm-none-eabi/13.3.1/../../../../arm-none-eabi/lib/thumb/v7-m/nofp/libc_nano.a(libc_a-memset.o)
                              /opt/st/stm32cubeide_1.18.1/plugins/com.st.stm32cube.ide.mcu.externaltools.gnu-tools-for-stm32.13.3.rel1.linux64_1.0.0.202410170706/tools/bin/../lib/gcc/arm-none-eabi/13.3.1/../../../../arm-none-eabi/lib/thumb/v7-m/nofp/crt0.o (memset)
/opt/st/stm32cubeide_1.18.1/plugins/com.st.stm32cube.ide.mcu.externaltools.gnu-tools-for-stm32.13.3.rel1.linux64_1.0.0.202410170706/tools/bin/../lib/gcc/arm-none-eabi/13.3.1/../../../../arm-none-eabi/lib/thumb/v7-m/nofp/libc_nano.a(libc_a-closer.o)
                              /opt/st/stm32cubeide_1.18.1/plugins/com.st.stm32cube.ide.mcu.externaltools.gnu-tools-for-stm32.13.3.rel1.linux64_1.0.0.202410170706/tools/bin/../lib/gcc/arm-none-eabi/13.3.1/../../../../arm-none-eabi/lib/thumb/v7-m/nofp/libc_nano.a(libc_a-stdio.o) (_close_r)
/opt/st/stm32cubeide_1.18.1/plugins/com.st.stm32cube.ide.mcu.externaltools.gnu-tools-for-stm32.13.3.rel1.linux64_1.0.0.202410170706/tools/bin/../lib/gcc/arm-none-eabi/13.3.1/../../../../arm-none-eabi/lib/thumb/v7-m/nofp/libc_nano.a(libc_a-reent.o)
                              /opt/st/stm32cubeide_1.18.1/plugins/com.st.stm32cube.ide.mcu.externaltools.gnu-tools-for-stm32.13.3.rel1.linux64_1.0.0.202410170706/tools/bin/../lib/gcc/arm-none-eabi/13.3.1/../../../../arm-none-eabi/lib/thumb/v7-m/nofp/libc_nano.a(libc_a-closer.o) (errno)
/opt/st/stm32cubeide_1.18.1/plugins/com.st.stm32cube.ide.mcu.externaltools.gnu-tools-for-stm32.13.3.rel1.linux64_1.0.0.202410170706/tools/bin/../lib/gcc/arm-none-eabi/13.3.1/../../../../arm-none-eabi/lib/thumb/v7-m/nofp/libc_nano.a(libc_a-impure.o)
                              /opt/st/stm32cubeide_1.18.1/plugins/com.st.stm32cube.ide.mcu.externaltools.gnu-tools-for-stm32.13.3.rel1.linux64_1.0.0.202410170706/tools/bin/../lib/gcc/arm-none-eabi/13.3.1/../../../../arm-none-eabi/lib/thumb/v7-m/nofp/libc_nano.a(libc_a-snprintf.o) (_impure_ptr)
[...]
Memory Configuration

Name             Origin             Length             Attributes
RAM              0x20000000         0x00005000         xrw
FLASH            0x08000000         0x00010000         xr
*default*        0x00000000         0xffffffff

Linker script and memory map

LOAD /opt/st/stm32cubeide_1.18.1/plugins/com.st.stm32cube.ide.mcu.externaltools.gnu-tools-for-stm32.13.3.rel1.linux64_1.0.0.202410170706/tools/bin/../lib/gcc/arm-none-eabi/13.3.1/thumb/v7-m/nofp/crti.o
LOAD /opt/st/stm32cubeide_1.18.1/plugins/com.st.stm32cube.ide.mcu.externaltools.gnu-tools-for-stm32.13.3.rel1.linux64_1.0.0.202410170706/tools/bin/../lib/gcc/arm-none-eabi/13.3.1/thumb/v7-m/nofp/crtbegin.o
LOAD /opt/st/stm32cubeide_1.18.1/plugins/com.st.stm32cube.ide.mcu.externaltools.gnu-tools-for-stm32.13.3.rel1.linux64_1.0.0.202410170706/tools/bin/../lib/gcc/arm-none-eabi/13.3.1/../../../../arm-none-eabi/lib/thumb/v7-m/nofp/crt0.o
LOAD ./Src/adc_ldr.o
LOAD ./Src/aht20.o
LOAD ./Src/delay.o
LOAD ./Src/i2c.o
LOAD ./Src/main.o
LOAD ./Src/nrf24.o
LOAD ./Src/syscalls.o
LOAD ./Src/sysmem.o
LOAD ./Src/uart.o
LOAD ./Startup/startup_stm32f103c8tx.o
START GROUP
LOAD /opt/st/stm32cubeide_1.18.1/plugins/com.st.stm32cube.ide.mcu.externaltools.gnu-tools-for-stm32.13.3.rel1.linux64_1.0.0.202410170706/tools/bin/../lib/gcc/arm-none-eabi/13.3.1/../../../../arm-none-eabi/lib/thumb/v7-m/nofp/libc_nano.a
LOAD /opt/st/stm32cubeide_1.18.1/plugins/com.st.stm32cube.ide.mcu.externaltools.gnu-tools-for-stm32.13.3.rel1.linux64_1.0.0.202410170706/tools/bin/../lib/gcc/arm-none-eabi/13.3.1/../../../../arm-none-eabi/lib/thumb/v7-m/nofp/libm.a
END GROUP
START GROUP
LOAD /opt/st/stm32cubeide_1.18.1/plugins/com.st.stm32cube.ide.mcu.externaltools.gnu-tools-for-stm32.13.3.rel1.linux64_1.0.0.202410170706/tools/bin/../lib/gcc/arm-none-eabi/13.3.1/thumb/v7-m/nofp/libgcc.a
LOAD /opt/st/stm32cubeide_1.18.1/plugins/com.st.stm32cube.ide.mcu.externaltools.gnu-tools-for-stm32.13.3.rel1.linux64_1.0.0.202410170706/tools/bin/../lib/gcc/arm-none-eabi/13.3.1/../../../../arm-none-eabi/lib/thumb/v7-m/nofp/libc_nano.a
END GROUP
START GROUP
LOAD /opt/st/stm32cubeide_1.18.1/plugins/com.st.stm32cube.ide.mcu.externaltools.gnu-tools-for-stm32.13.3.rel1.linux64_1.0.0.202410170706/tools/bin/../lib/gcc/arm-none-eabi/13.3.1/thumb/v7-m/nofp/libgcc.a
LOAD /opt/st/stm32cubeide_1.18.1/plugins/com.st.stm32cube.ide.mcu.externaltools.gnu-tools-for-stm32.13.3.rel1.linux64_1.0.0.202410170706/tools/bin/../lib/gcc/arm-none-eabi/13.3.1/../../../../arm-none-eabi/lib/thumb/v7-m/nofp/libc_nano.a
LOAD /opt/st/stm32cubeide_1.18.1/plugins/com.st.stm32cube.ide.mcu.externaltools.gnu-tools-for-stm32.13.3.rel1.linux64_1.0.0.202410170706/tools/bin/../lib/gcc/arm-none-eabi/13.3.1/../../../../arm-none-eabi/lib/thumb/v7-m/nofp/libnosys.a
END GROUP
START GROUP
LOAD /opt/st/stm32cubeide_1.18.1/plugins/com.st.stm32cube.ide.mcu.externaltools.gnu-tools-for-stm32.13.3.rel1.linux64_1.0.0.202410170706/tools/bin/../lib/gcc/arm-none-eabi/13.3.1/thumb/v7-m/nofp/libgcc.a
LOAD /opt/st/stm32cubeide_1.18.1/plugins/com.st.stm32cube.ide.mcu.externaltools.gnu-tools-for-stm32.13.3.rel1.linux64_1.0.0.202410170706/tools/bin/../lib/gcc/arm-none-eabi/13.3.1/../../../../arm-none-eabi/lib/thumb/v7-m/nofp/libc_nano.a
LOAD /opt/st/stm32cubeide_1.18.1/plugins/com.st.stm32cube.ide.mcu.externaltools.gnu-tools-for-stm32.13.3.rel1.linux64_1.0.0.202410170706/tools/bin/../lib/gcc/arm-none-eabi/13.3.1/../../../../arm-none-eabi/lib/thumb/v7-m/nofp/libnosys.a
END GROUP
LOAD /opt/st/stm32cubeide_1.18.1/plugins/com.st.stm32cube.ide.mcu.externaltools.gnu-tools-for-stm32.13.3.rel1.linux64_1.0.0.202410170706/tools/bin/../lib/gcc/arm-none-eabi/13.3.1/thumb/v7-m/nofp/crtend.o
LOAD /opt/st/stm32cubeide_1.18.1/plugins/com.st.stm32cube.ide.mcu.externaltools.gnu-tools-for-stm32.13.3.rel1.linux64_1.0.0.202410170706/tools/bin/../lib/gcc/arm-none-eabi/13.3.1/thumb/v7-m/nofp/crtn.o
                0x20005000                        _estack = (ORIGIN (RAM) + LENGTH (RAM))
                0x00000200                        _Min_Heap_Size = 0x200
                0x00000400                        _Min_Stack_Size = 0x400

.isr_vector     0x08000000      0x130
                0x08000000                        . = ALIGN (0x4)
 *(.isr_vector)
 .isr_vector    0x08000000      0x130 ./Startup/startup_stm32f103c8tx.o
                0x08000000                g_pfnVectors
                0x08000130                        . = ALIGN (0x4)

.text           0x08000130     0x208c
                0x08000130                        . = ALIGN (0x4)
 *(.text)
 .text          0x08000130       0x40 /opt/st/stm32cubeide_1.18.1/plugins/com.st.stm32cube.ide.mcu.externaltools.gnu-tools-for-stm32.13.3.rel1.linux64_1.0.0.202410170706/tools/bin/../lib/gcc/arm-none-eabi/13.3.1/thumb/v7-m/nofp/crtbegin.o
 .text          0x08000170      0x378 /opt/st/stm32cubeide_1.18.1/plugins/com.st.stm32cube.ide.mcu.externaltools.gnu-tools-for-stm32.13.3.rel1.linux64_1.0.0.202410170706/tools/bin/../lib/gcc/arm-none-eabi/13.3.1/thumb/v7-m/nofp/libgcc.a(_arm_addsubdf3.o)
                0x08000170                __aeabi_drsub
                0x08000178                __aeabi_dsub
                0x08000178                __subdf3
                0x0800017c                __adddf3
                0x0800017c                __aeabi_dadd
                0x080003f4                __aeabi_ui2d
                0x080003f4                __floatunsidf
                0x08000414                __floatsidf
                0x08000414                __aeabi_i2d
                0x08000438                __extendsfdf2
                0x08000438                __aeabi_f2d
                0x0800047c                __aeabi_ul2d
                0x0800047c                __floatundidf
                0x0800048c                __floatdidf
                0x0800048c                __aeabi_l2d
 .text          0x080004e8      0x21c /opt/st/stm32cubeide_1.18.1/plugins/com.st.stm32cube.ide.mcu.externaltools.gnu-tools-for-stm32.13.3.rel1.linux64_1.0.0.202410170706/tools/bin/../lib/gcc/arm-none-eabi/13.3.1/thumb/v7-m/nofp/libgcc.a(_arm_addsubsf3.o)
                0x080004e8                __aeabi_frsub
                0x080004f0                __subsf3
                0x080004f0                __aeabi_fsub
                0x080004f4                __aeabi_fadd
                0x080004f4                __addsf3
                0x08000654                __aeabi_ui2f
                0x08000654                __floatunsisf
                0x0800065c                __aeabi_i2f
                0x0800065c                __floatsisf
                0x08000678                __floatundisf
                0x08000678                __aeabi_ul2f
                0x08000688                __floatdisf
                0x08000688                __aeabi_l2f
 .text          0x08000704      0x2a0 /opt/st/stm32cubeide_1.18.1/plugins/com.st.stm32cube.ide.mcu.externaltools.gnu-tools-for-stm32.13.3.rel1.linux64_1.0.0.202410170706/tools/bin/../lib/gcc/arm-none-eabi/13.3.1/thumb/v7-m/nofp/libgcc.a(_arm_muldivsf3.o)
                0x08000704                __mulsf3
                0x08000704                __aeabi_fmul
                0x0800086c                __divsf3
                0x0800086c                __aeabi_fdiv
 *(.text*)
 .text.ADC_LDR_Init
                0x080009a4       0x7c ./Src/adc_ldr.o
                0x080009a4                ADC_LDR_Init
 .text.ADC_LDR_Read
                0x08000a20       0x3c ./Src/adc_ldr.o
                0x08000a20                ADC_LDR_Read
 .text.AHT20_Init
                0x08000a5c       0x84 ./Src/aht20.o
                0x08000a5c                AHT20_Init
 .text.AHT20_ReadTemperatureHumidity
                0x08000ae0      0x110 ./Src/aht20.o
                0x08000ae0                AHT20_ReadTemperatureHumidity
 .text.__NVIC_EnableIRQ
                0x08000bf0       0x38 ./Src/delay.o
 .text.delay_init
                0x08000c28       0x50 ./Src/delay.o
                0x08000c28                delay_init
 .text.TIM2_IRQHandler
                0x08000c78       0x40 ./Src/delay.o
                0x08000c78                TIM2_IRQHandler
 .text.delay_ms
                0x08000cb8       0x28 ./Src/delay.o
                0x08000cb8                delay_ms
 .text.I2C_Init
                0x08000ce0       0x84 ./Src/i2c.o
                0x08000ce0                I2C_Init
 .text.I2C_Start
                0x08000d64       0x5c ./Src/i2c.o
                0x08000d64                I2C_Start
 .text.I2C_Stop
                0x08000dc0       0x5c ./Src/i2c.o
                0x08000dc0                I2C_Stop
 .text.I2C_Write
                0x08000e1c       0xd8 ./Src/i2c.o
                0x08000e1c                I2C_Write
 .text.I2C_Read
                0x08000ef4      0x114 ./Src/i2c.o
                0x08000ef4                I2C_Read
 .text.print_nrf_debug
                0x08001008       0x80 ./Src/main.o
                0x08001008                print_nrf_debug
 .text.main     0x08001088      0x150 ./Src/main.o
                0x08001088                main
 .text.nRF24_CE_H
                0x080011d8       0x18 ./Src/nrf24.o
                0x080011d8                nRF24_CE_H
 .text.nRF24_CE_L
                0x080011f0       0x18 ./Src/nrf24.o
                0x080011f0                nRF24_CE_L
 .text.nRF24_CSN_H
                0x08001208       0x18 ./Src/nrf24.o
                0x08001208                nRF24_CSN_H
 .text.nRF24_CSN_L
                0x08001220       0x18 ./Src/nrf24.o
                0x08001220                nRF24_CSN_L
 .text.nRF24_LL_RW
                0x08001238       0x44 ./Src/nrf24.o
                0x08001238                nRF24_LL_RW
 .text.nRF24_HW_Init
                0x0800127c       0x60 ./Src/nrf24.o
                0x0800127c                nRF24_HW_Init
 .text.nRF24_ReadReg
                0x080012dc       0x2e ./Src/nrf24.o
                0x080012dc                nRF24_ReadReg
 .text.nRF24_WriteReg
                0x0800130a       0x36 ./Src/nrf24.o
                0x0800130a                nRF24_WriteReg
 .text.nRF24_WriteBuf
                0x08001340       0x50 ./Src/nrf24.o
                0x08001340                nRF24_WriteBuf
 .text.nRF24_Init
                0x08001390       0x44 ./Src/nrf24.o
                0x08001390                nRF24_Init
 .text.nRF24_TX_Mode
                0x080013d4       0x5a ./Src/nrf24.o
                0x080013d4                nRF24_TX_Mode
 .text.nRF24_WritePayload
                0x0800142e       0x44 ./Src/nrf24.o
                0x0800142e                nRF24_WritePayload
 .text.nRF24_SetupRetransmissions
                0x08001472      0x128 ./Src/nrf24.o
                0x08001472                nRF24_SetupRetransmissions
 .text.nRF24_GetStatus
                0x0800159a       0x22 ./Src/nrf24.o
                0x0800159a                nRF24_GetStatus
 .text.nRF24_ClearIRQFlags
                0x080015bc       0x10 ./Src/nrf24.o
                0x080015bc                nRF24_ClearIRQFlags
 .text.SPI1_Init
                0x080015cc       0x6c ./Src/nrf24.o
                0x080015cc                SPI1_Init
 .text._sbrk    0x08001638       0x6c ./Src/sysmem.o
                0x08001638                _sbrk
 .text.UART_Init
                0x080016a4       0x68 ./Src/uart.o
                0x080016a4                UART_Init
 .text.print_uart
                0x0800170c       0x16 ./Src/uart.o
                0x0800170c                print_uart
 *fill*         0x08001722        0x2 
 .text.uart_write
                0x08001724       0x40 ./Src/uart.o
                0x08001724                uart_write
 .text.uart_print_int
                0x08001764       0x30 ./Src/uart.o
                0x08001764                uart_print_int
 .text.Reset_Handler
                0x08001794       0x50 ./Startup/startup_stm32f103c8tx.o
                0x08001794                Reset_Handler
 .text.Default_Handler
                0x080017e4        0x2 ./Startup/startup_stm32f103c8tx.o
                0x080017e4                EXTI2_IRQHandler
                0x080017e4                TIM8_TRG_COM_IRQHandler
                0x080017e4                TIM8_CC_IRQHandler
                0x080017e4                DebugMon_Handler
                0x080017e4                TIM1_CC_IRQHandler
                0x080017e4                HardFault_Handler
                0x080017e4                TIM6_IRQHandler
                0x080017e4                SysTick_Handler
                0x080017e4                PVD_IRQHandler
                0x080017e4                SDIO_IRQHandler
                0x080017e4                PendSV_Handler
                0x080017e4                NMI_Handler
                0x080017e4                EXTI3_IRQHandler
                0x080017e4                USB_HP_CAN_TX_IRQHandler
                0x080017e4                EXTI0_IRQHandler
                0x080017e4                I2C2_EV_IRQHandler
                0x080017e4                UsageFault_Handler
                0x080017e4                ADC1_2_IRQHandler
                0x080017e4                SPI1_IRQHandler
                0x080017e4                CAN_SCE_IRQHandler
                0x080017e4                TAMPER_IRQHandler
                0x080017e4                TIM8_UP_IRQHandler
                0x080017e4                DMA2_Channel2_IRQHandler
                0x080017e4                DMA1_Channel4_IRQHandler
                0x080017e4                USART3_IRQHandler
                0x080017e4                RTC_IRQHandler
                0x080017e4                DMA1_Channel7_IRQHandler
                0x080017e4                UART5_IRQHandler
                0x080017e4                ADC3_IRQHandler
                0x080017e4                TIM4_IRQHandler
                0x080017e4                CAN_RX1_IRQHandler
                0x080017e4                DMA2_Channel1_IRQHandler
                0x080017e4                I2C1_EV_IRQHandler
                0x080017e4                DMA1_Channel6_IRQHandler
                0x080017e4                UART4_IRQHandler
                0x080017e4                TIM3_IRQHandler
                0x080017e4                RCC_IRQHandler
                0x080017e4                TIM1_TRG_COM_IRQHandler
                0x080017e4                DMA1_Channel1_IRQHandler
                0x080017e4                Default_Handler
                0x080017e4                EXTI15_10_IRQHandler
                0x080017e4                TIM7_IRQHandler
                0x080017e4                TIM5_IRQHandler
                0x080017e4                EXTI9_5_IRQHandler
                0x080017e4                SPI2_IRQHandler
                0x080017e4                USB_LP_CAN_RX0_IRQHandler
                0x080017e4                MemManage_Handler
                0x080017e4                SVC_Handler
                0x080017e4                DMA1_Channel5_IRQHandler
                0x080017e4                EXTI4_IRQHandler
                0x080017e4                DMA1_Channel3_IRQHandler
                0x080017e4                FSMC_IRQHandler
                0x080017e4                TIM1_UP_IRQHandler
                0x080017e4                WWDG_IRQHandler
                0x080017e4                TIM1_BRK_IRQHandler
                0x080017e4                EXTI1_IRQHandler
                0x080017e4                RTCAlarm_IRQHandler
                0x080017e4                DMA2_Channel4_5_IRQHandler
                0x080017e4                USART2_IRQHandler
                0x080017e4                I2C2_ER_IRQHandler
                0x080017e4                DMA1_Channel2_IRQHandler
                0x080017e4                TIM8_BRK_IRQHandler
                0x080017e4                FLASH_IRQHandler
                0x080017e4                BusFault_Handler
                0x080017e4                USART1_IRQHandler
                0x080017e4                SPI3_IRQHandler
                0x080017e4                I2C1_ER_IRQHandler
                0x080017e4                DMA2_Channel3_IRQHandler
 *fill*         0x080017e6        0x2 
 .text.snprintf
                0x080017e8       0x6c /opt/st/stm32cubeide_1.18.1/plugins/com.st.stm32cube.ide.mcu.externaltools.gnu-tools-for-stm32.13.3.rel1.linux64_1.0.0.202410170706/tools/bin/../lib/gcc/arm-none-eabi/13.3.1/../../../../arm-none-eabi/lib/thumb/v7-m/nofp/libc_nano.a(libc_a-snprintf.o)
                0x080017e8                snprintf
                0x080017e8                sniprintf
 .text.sprintf  0x08001854       0x44 /opt/st/stm32cubeide_1.18.1/plugins/com.st.stm32cube.ide.mcu.externaltools.gnu-tools-for-stm32.13.3.rel1.linux64_1.0.0.202410170706/tools/bin/../lib/gcc/arm-none-eabi/13.3.1/../../../../arm-none-eabi/lib/thumb/v7-m/nofp/libc_nano.a(libc_a-sprintf.o)
                0x08001854                sprintf
                0x08001854                siprintf
 .text.__errno  0x08001898        0xc /opt/st/stm32cubeide_1.18.1/plugins/com.st.stm32cube.ide.mcu.externaltools.gnu-tools-for-stm32.13.3.rel1.linux64_1.0.0.202410170706/tools/bin/../lib/gcc/arm-none-eabi/13.3.1/../../../../arm-none-eabi/lib/thumb/v7-m/nofp/libc_nano.a(libc_a-errno.o)
                0x08001898                __errno
 .text.__libc_init_array
                0x080018a4       0x48 /opt/st/stm32cubeide_1.18.1/plugins/com.st.stm32cube.ide.mcu.externaltools.gnu-tools-for-stm32.13.3.rel1.linux64_1.0.0.202410170706/tools/bin/../lib/gcc/arm-none-eabi/13.3.1/../../../../arm-none-eabi/lib/thumb/v7-m/nofp/libc_nano.a(libc_a-init.o)
                0x080018a4                __libc_init_array
 .text.__retarget_lock_acquire_recursive
                0x080018ec        0x2 /opt/st/stm32cubeide_1.18.1/plugins/com.st.stm32cube.ide.mcu.externaltools.gnu-tools-for-stm32.13.3.rel1.linux64_1.0.0.202410170706/tools/bin/../lib/gcc/arm-none-eabi/13.3.1/../../../../arm-none-eabi/lib/thumb/v7-m/nofp/libc_nano.a(libc_a-lock.o)
                0x080018ec                __retarget_lock_acquire_recursive
 .text.__retarget_lock_release_recursive
                0x080018ee        0x2 /opt/st/stm32cubeide_1.18.1/plugins/com.st.stm32cube.ide.mcu.externaltools.gnu-tools-for-stm32.13.3.rel1.linux64_1.0.0.202410170706/tools/bin/../lib/gcc/arm-none-eabi/13.3.1/../../../../arm-none-eabi/lib/thumb/v7-m/nofp/libc_nano.a(libc_a-lock.o)
                0x080018ee                __retarget_lock_release_recursive
 .text._free_r  0x080018f0       0x90 /opt/st/stm32cubeide_1.18.1/plugins/com.st.stm32cube.ide.mcu.externaltools.gnu-tools-for-stm32.13.3.rel1.linux64_1.0.0.202410170706/tools/bin/../lib/gcc/arm-none-eabi/13.3.1/../../../../arm-none-eabi/lib/thumb/v7-m/nofp/libc_nano.a(libc_a-freer.o)
                0x080018f0                _free_r
 .text.sbrk_aligned
                0x08001980       0x44 /opt/st/stm32cubeide_1.18.1/plugins/com.st.stm32cube.ide.mcu.externaltools.gnu-tools-for-stm32.13.3.rel1.linux64_1.0.0.202410170706/tools/bin/../lib/gcc/arm-none-eabi/13.3.1/../../../../arm-none-eabi/lib/thumb/v7-m/nofp/libc_nano.a(libc_a-mallocr.o)
 .text._malloc_r
                0x080019c4      0x100 /opt/st/stm32cubeide_1.18.1/plugins/com.st.stm32cube.ide.mcu.externaltools.gnu-tools-for-stm32.13.3.rel1.linux64_1.0.0.202410170706/tools/bin/../lib/gcc/arm-none-eabi/13.3.1/../../../../arm-none-eabi/lib/thumb/v7-m/nofp/libc_nano.a(libc_a-mallocr.o)
                0x080019c4                _malloc_r
 .text.__malloc_lock
                0x08001ac4        0xc /opt/st/stm32cubeide_1.18.1/plugins/com.st.stm32cube.ide.mcu.externaltools.gnu-tools-for-stm32.13.3.rel1.linux64_1.0.0.202410170706/tools/bin/../lib/gcc/arm-none-eabi/13.3.1/../../../../arm-none-eabi/lib/thumb/v7-m/nofp/libc_nano.a(libc_a-mlock.o)
                0x08001ac4                __malloc_lock
 .text.__malloc_unlock
                0x08001ad0        0xc /opt/st/stm32cubeide_1.18.1/plugins/com.st.stm32cube.ide.mcu.externaltools.gnu-tools-for-stm32.13.3.rel1.linux64_1.0.0.202410170706/tools/bin/../lib/gcc/arm-none-eabi/13.3.1/../../../../arm-none-eabi/lib/thumb/v7-m/nofp/libc_nano.a(libc_a-mlock.o)
                0x08001ad0                __malloc_unlock
 .text.__ssputs_r
                0x08001adc       0xb6 /opt/st/stm32cubeide_1.18.1/plugins/com.st.stm32cube.ide.mcu.externaltools.gnu-tools-for-stm32.13.3.rel1.linux64_1.0.0.202410170706/tools/bin/../lib/gcc/arm-none-eabi/13.3.1/../../../../arm-none-eabi/lib/thumb/v7-m/nofp/libc_nano.a(libc_a-nano-svfprintf.o)
                0x08001adc                __ssputs_r
 *fill*         0x08001b92        0x2 
 .text._svfprintf_r
                0x08001b94      0x1f8 /opt/st/stm32cubeide_1.18.1/plugins/com.st.stm32cube.ide.mcu.externaltools.gnu-tools-for-stm32.13.3.rel1.linux64_1.0.0.202410170706/tools/bin/../lib/gcc/arm-none-eabi/13.3.1/../../../../arm-none-eabi/lib/thumb/v7-m/nofp/libc_nano.a(libc_a-nano-svfprintf.o)
                0x08001b94                _svfprintf_r
                0x08001b94                _svfiprintf_r
 .text._printf_common
                0x08001d8c       0xe4 /opt/st/stm32cubeide_1.18.1/plugins/com.st.stm32cube.ide.mcu.externaltools.gnu-tools-for-stm32.13.3.rel1.linux64_1.0.0.202410170706/tools/bin/../lib/gcc/arm-none-eabi/13.3.1/../../../../arm-none-eabi/lib/thumb/v7-m/nofp/libc_nano.a(libc_a-nano-vfprintf_i.o)
                0x08001d8c                _printf_common
 .text._printf_i
                0x08001e70      0x23c /opt/st/stm32cubeide_1.18.1/plugins/com.st.stm32cube.ide.mcu.externaltools.gnu-tools-for-stm32.13.3.rel1.linux64_1.0.0.202410170706/tools/bin/../lib/gcc/arm-none-eabi/13.3.1/../../../../arm-none-eabi/lib/thumb/v7-m/nofp/libc_nano.a(libc_a-nano-vfprintf_i.o)
                0x08001e70                _printf_i
 .text.memmove  0x080020ac       0x34 /opt/st/stm32cubeide_1.18.1/plugins/com.st.stm32cube.ide.mcu.externaltools.gnu-tools-for-stm32.13.3.rel1.linux64_1.0.0.202410170706/tools/bin/../lib/gcc/arm-none-eabi/13.3.1/../../../../arm-none-eabi/lib/thumb/v7-m/nofp/libc_nano.a(libc_a-memmove.o)
                0x080020ac                memmove
 .text._sbrk_r  0x080020e0       0x20 /opt/st/stm32cubeide_1.18.1/plugins/com.st.stm32cube.ide.mcu.externaltools.gnu-tools-for-stm32.13.3.rel1.linux64_1.0.0.202410170706/tools/bin/../lib/gcc/arm-none-eabi/13.3.1/../../../../arm-none-eabi/lib/thumb/v7-m/nofp/libc_nano.a(libc_a-sbrkr.o)
                0x080020e0                _sbrk_r
 .text.memchr   0x08002100       0x1c /opt/st/stm32cubeide_1.18.1/plugins/com.st.stm32cube.ide.mcu.externaltools.gnu-tools-for-stm32.13.3.rel1.linux64_1.0.0.202410170706/tools/bin/../lib/gcc/arm-none-eabi/13.3.1/../../../../arm-none-eabi/lib/thumb/v7-m/nofp/libc_nano.a(libc_a-memchr-stub.o)
                0x08002100                memchr
 .text.memcpy   0x0800211c       0x1c /opt/st/stm32cubeide_1.18.1/plugins/com.st.stm32cube.ide.mcu.externaltools.gnu-tools-for-stm32.13.3.rel1.linux64_1.0.0.202410170706/tools/bin/../lib/gcc/arm-none-eabi/13.3.1/../../../../arm-none-eabi/lib/thumb/v7-m/nofp/libc_nano.a(libc_a-memcpy-stub.o)
                0x0800211c                memcpy
 .text._realloc_r
                0x08002138       0x5c /opt/st/stm32cubeide_1.18.1/plugins/com.st.stm32cube.ide.mcu.externaltools.gnu-tools-for-stm32.13.3.rel1.linux64_1.0.0.202410170706/tools/bin/../lib/gcc/arm-none-eabi/13.3.1/../../../../arm-none-eabi/lib/thumb/v7-m/nofp/libc_nano.a(libc_a-reallocr.o)
                0x08002138                _realloc_r
 .text._malloc_usable_size_r
                0x08002194       0x10 /opt/st/stm32cubeide_1.18.1/plugins/com.st.stm32cube.ide.mcu.externaltools.gnu-tools-for-stm32.13.3.rel1.linux64_1.0.0.202410170706/tools/bin/../lib/gcc/arm-none-eabi/13.3.1/../../../../arm-none-eabi/lib/thumb/v7-m/nofp/libc_nano.a(libc_a-msizer.o)
                0x08002194                _malloc_usable_size_r
 *(.glue_7)
 .glue_7        0x080021a4        0x0 linker stubs
 *(.glue_7t)
 .glue_7t       0x080021a4        0x0 linker stubs
 *(.eh_frame)
 .eh_frame      0x080021a4        0x0 /opt/st/stm32cubeide_1.18.1/plugins/com.st.stm32cube.ide.mcu.externaltools.gnu-tools-for-stm32.13.3.rel1.linux64_1.0.0.202410170706/tools/bin/../lib/gcc/arm-none-eabi/13.3.1/thumb/v7-m/nofp/crtbegin.o
 *(.init)
 .init          0x080021a4        0x4 /opt/st/stm32cubeide_1.18.1/plugins/com.st.stm32cube.ide.mcu.externaltools.gnu-tools-for-stm32.13.3.rel1.linux64_1.0.0.202410170706/tools/bin/../lib/gcc/arm-none-eabi/13.3.1/thumb/v7-m/nofp/crti.o
                0x080021a4                _init
 .init          0x080021a8        0x8 /opt/st/stm32cubeide_1.18.1/plugins/com.st.stm32cube.ide.mcu.externaltools.gnu-tools-for-stm32.13.3.rel1.linux64_1.0.0.202410170706/tools/bin/../lib/gcc/arm-none-eabi/13.3.1/thumb/v7-m/nofp/crtn.o
 *(.fini)
 .fini          0x080021b0        0x4 /opt/st/stm32cubeide_1.18.1/plugins/com.st.stm32cube.ide.mcu.externaltools.gnu-tools-for-stm32.13.3.rel1.linux64_1.0.0.202410170706/tools/bin/../lib/gcc/arm-none-eabi/13.3.1/thumb/v7-m/nofp/crti.o
                0x080021b0                _fini
 .fini          0x080021b4        0x8 /opt/st/stm32cubeide_1.18.1/plugins/com.st.stm32cube.ide.mcu.externaltools.gnu-tools-for-stm32.13.3.rel1.linux64_1.0.0.202410170706/tools/bin/../lib/gcc/arm-none-eabi/13.3.1/thumb/v7-m/nofp/crtn.o
                0x080021bc                        . = ALIGN (0x4)
                0x080021bc                        _etext = .

.vfp11_veneer   0x080021bc        0x0
 .vfp11_veneer  0x080021bc        0x0 linker stubs

.v4_bx          0x080021bc        0x0
 .v4_bx         0x080021bc        0x0 linker stubs

.iplt           0x080021bc        0x0
 .iplt          0x080021bc        0x0 /opt/st/stm32cubeide_1.18.1/plugins/com.st.stm32cube.ide.mcu.externaltools.gnu-tools-for-stm32.13.3.rel1.linux64_1.0.0.202410170706/tools/bin/../lib/gcc/arm-none-eabi/13.3.1/thumb/v7-m/nofp/crtbegin.o

.rodata         0x080021bc      0x39c
                0x080021bc                        . = ALIGN (0x4)
 *(.rodata)
 .rodata        0x080021bc      0x10f ./Src/aht20.o
 *fill*         0x080022cb        0x1 
 .rodata        0x080022cc      0x13b ./Src/i2c.o
 *fill*         0x08002407        0x1 
 .rodata        0x08002408      0x10d ./Src/main.o
 *fill*         0x08002515        0x3 
 .rodata        0x08002518        0xa ./Src/uart.o
 *(.rodata*)
 .rodata._svfprintf_r.str1.1
                0x08002522       0x33 /opt/st/stm32cubeide_1.18.1/plugins/com.st.stm32cube.ide.mcu.externaltools.gnu-tools-for-stm32.13.3.rel1.linux64_1.0.0.202410170706/tools/bin/../lib/gcc/arm-none-eabi/13.3.1/../../../../arm-none-eabi/lib/thumb/v7-m/nofp/libc_nano.a(libc_a-nano-svfprintf.o)
                                 0x11 (size before relaxing)
 .rodata._printf_i.str1.1
                0x08002555       0x22 /opt/st/stm32cubeide_1.18.1/plugins/com.st.stm32cube.ide.mcu.externaltools.gnu-tools-for-stm32.13.3.rel1.linux64_1.0.0.202410170706/tools/bin/../lib/gcc/arm-none-eabi/13.3.1/../../../../arm-none-eabi/lib/thumb/v7-m/nofp/libc_nano.a(libc_a-nano-vfprintf_i.o)
                0x08002578                        . = ALIGN (0x4)
 *fill*         0x08002555        0x3 

.ARM.extab      0x08002558        0x0
                0x08002558                        . = ALIGN (0x4)
 *(.ARM.extab* .gnu.linkonce.armextab.*)
                0x08002558                        . = ALIGN (0x4)

.ARM            0x08002558        0x0
                0x08002558                        . = ALIGN (0x4)
                0x08002558                        __exidx_start = .
 *(.ARM.exidx*)
                0x08002558                        __exidx_end = .
                0x08002558                        . = ALIGN (0x4)

.preinit_array  0x08002558        0x0
                0x08002558                        . = ALIGN (0x4)
                0x08002558                        PROVIDE (__preinit_array_start = .)
 *(.preinit_array*)
                0x08002558                        PROVIDE (__preinit_array_end = .)
                0x08002558                        . = ALIGN (0x4)

.init_array     0x08002558        0x4
                0x08002558                        . = ALIGN (0x4)
                0x08002558                        PROVIDE (__init_array_start = .)
 *(SORT_BY_NAME(.init_array.*))
 *(.init_array*)
 .init_array    0x08002558        0x4 /opt/st/stm32cubeide_1.18.1/plugins/com.st.stm32cube.ide.mcu.externaltools.gnu-tools-for-stm32.13.3.rel1.linux64_1.0.0.202410170706/tools/bin/../lib/gcc/arm-none-eabi/13.3.1/thumb/v7-m/nofp/crtbegin.o
                0x0800255c                        PROVIDE (__init_array_end = .)
                0x0800255c                        . = ALIGN (0x4)

.fini_array     0x0800255c        0x4
                0x0800255c                        . = ALIGN (0x4)
                [!provide]                        PROVIDE (__fini_array_start = .)
 *(SORT_BY_NAME(.fini_array.*))
 *(.fini_array*)
 .fini_array    0x0800255c        0x4 /opt/st/stm32cubeide_1.18.1/plugins/com.st.stm32cube.ide.mcu.externaltools.gnu-tools-for-stm32.13.3.rel1.linux64_1.0.0.202410170706/tools/bin/../lib/gcc/arm-none-eabi/13.3.1/thumb/v7-m/nofp/crtbegin.o
                [!provide]                        PROVIDE (__fini_array_end = .)
                0x08002560                        . = ALIGN (0x4)
                0x08002560                        _sidata = LOADADDR (.data)

.rel.dyn        0x08002560        0x0
 .rel.iplt      0x08002560        0x0 /opt/st/stm32cubeide_1.18.1/plugins/com.st.stm32cube.ide.mcu.externaltools.gnu-tools-for-stm32.13.3.rel1.linux64_1.0.0.202410170706/tools/bin/../lib/gcc/arm-none-eabi/13.3.1/thumb/v7-m/nofp/crtbegin.o

.data           0x20000000       0x50 load address 0x08002560
                0x20000000                        . = ALIGN (0x4)
                0x20000000                        _sdata = .
 *(.data)
 *(.data*)
 .data._impure_ptr
                0x20000000        0x4 /opt/st/stm32cubeide_1.18.1/plugins/com.st.stm32cube.ide.mcu.externaltools.gnu-tools-for-stm32.13.3.rel1.linux64_1.0.0.202410170706/tools/bin/../lib/gcc/arm-none-eabi/13.3.1/../../../../arm-none-eabi/lib/thumb/v7-m/nofp/libc_nano.a(libc_a-impure.o)
                0x20000000                _impure_ptr
 .data._impure_data
                0x20000004       0x4c /opt/st/stm32cubeide_1.18.1/plugins/com.st.stm32cube.ide.mcu.externaltools.gnu-tools-for-stm32.13.3.rel1.linux64_1.0.0.202410170706/tools/bin/../lib/gcc/arm-none-eabi/13.3.1/../../../../arm-none-eabi/lib/thumb/v7-m/nofp/libc_nano.a(libc_a-impure.o)
                0x20000004                _impure_data
 *(.RamFunc)
 *(.RamFunc*)
                0x20000050                        . = ALIGN (0x4)
                0x20000050                        _edata = .

.igot.plt       0x20000050        0x0 load address 0x080025b0
 .igot.plt      0x20000050        0x0 /opt/st/stm32cubeide_1.18.1/plugins/com.st.stm32cube.ide.mcu.externaltools.gnu-tools-for-stm32.13.3.rel1.linux64_1.0.0.202410170706/tools/bin/../lib/gcc/arm-none-eabi/13.3.1/thumb/v7-m/nofp/crtbegin.o
                0x20000050                        . = ALIGN (0x4)

.bss            0x20000050      0x178 load address 0x080025b0
                0x20000050                        _sbss = .
                0x20000050                        __bss_start__ = _sbss
 *(.bss)
 .bss           0x20000050       0x1c /opt/st/stm32cubeide_1.18.1/plugins/com.st.stm32cube.ide.mcu.externaltools.gnu-tools-for-stm32.13.3.rel1.linux64_1.0.0.202410170706/tools/bin/../lib/gcc/arm-none-eabi/13.3.1/thumb/v7-m/nofp/crtbegin.o
 *(.bss*)
 .bss.delay_counter
                0x2000006c        0x4 ./Src/delay.o
                0x2000006c                delay_counter
 .bss.temperature
                0x20000070        0x4 ./Src/main.o
                0x20000070                temperature
 .bss.humidity  0x20000074        0x4 ./Src/main.o
                0x20000074                humidity
 .bss.ldr       0x20000078        0x2 ./Src/main.o
                0x20000078                ldr
 *fill*         0x2000007a        0x2 
 .bss.__sbrk_heap_end
                0x2000007c        0x4 ./Src/sysmem.o
 .bss.__sf      0x20000080      0x138 /opt/st/stm32cubeide_1.18.1/plugins/com.st.stm32cube.ide.mcu.externaltools.gnu-tools-for-stm32.13.3.rel1.linux64_1.0.0.202410170706/tools/bin/../lib/gcc/arm-none-eabi/13.3.1/../../../../arm-none-eabi/lib/thumb/v7-m/nofp/libc_nano.a(libc_a-findfp.o)
                0x20000080                __sf
 .bss.errno     0x200001b8        0x4 /opt/st/stm32cubeide_1.18.1/plugins/com.st.stm32cube.ide.mcu.externaltools.gnu-tools-for-stm32.13.3.rel1.linux64_1.0.0.202410170706/tools/bin/../lib/gcc/arm-none-eabi/13.3.1/../../../../arm-none-eabi/lib/thumb/v7-m/nofp/libc_nano.a(libc_a-reent.o)
                0x200001b8                errno
 .bss.__lock___malloc_recursive_mutex
                0x200001bc        0x1 /opt/st/stm32cubeide_1.18.1/plugins/com.st.stm32cube.ide.mcu.externaltools.gnu-tools-for-stm32.13.3.rel1.linux64_1.0.0.202410170706/tools/bin/../lib/gcc/arm-none-eabi/13.3.1/../../../../arm-none-eabi/lib/thumb/v7-m/nofp/libc_nano.a(libc_a-lock.o)
                0x200001bc                __lock___malloc_recursive_mutex
 *fill*         0x200001bd        0x3 
 .bss.__malloc_sbrk_start
                0x200001c0        0x4 /opt/st/stm32cubeide_1.18.1/plugins/com.st.stm32cube.ide.mcu.externaltools.gnu-tools-for-stm32.13.3.rel1.linux64_1.0.0.202410170706/tools/bin/../lib/gcc/arm-none-eabi/13.3.1/../../../../arm-none-eabi/lib/thumb/v7-m/nofp/libc_nano.a(libc_a-mallocr.o)
                0x200001c0                __malloc_sbrk_start
 .bss.__malloc_free_list
                0x200001c4        0x4 /opt/st/stm32cubeide_1.18.1/plugins/com.st.stm32cube.ide.mcu.externaltools.gnu-tools-for-stm32.13.3.rel1.linux64_1.0.0.202410170706/tools/bin/../lib/gcc/arm-none-eabi/13.3.1/../../../../arm-none-eabi/lib/thumb/v7-m/nofp/libc_nano.a(libc_a-mallocr.o)
                0x200001c4                __malloc_free_list
 *(COMMON)
                0x200001c8                        . = ALIGN (0x4)
                0x200001c8                        _ebss = .
                0x200001c8                        __bss_end__ = _ebss

._user_heap_stack
                0x200001c8      0x600 load address 0x080025b0
                0x200001c8                        . = ALIGN (0x8)
                [!provide]                        PROVIDE (end = .)
                0x200001c8                        PROVIDE (_end = .)
                0x200003c8                        . = (. + _Min_Heap_Size)
 *fill*         0x200001c8      0x200 
                0x200007c8                        . = (. + _Min_Stack_Size)
 *fill*         0x200003c8      0x400 
                0x200007c8                        . = ALIGN (0x8)

/DISCARD/
 libc.a(*)
 libm.a(*)
 libgcc.a(*)

.ARM.attributes
                0x00000000       0x29
 *(.ARM.attributes)
 .ARM.attributes
                0x00000000       0x1d /opt/st/stm32cubeide_1.18.1/plugins/com.st.stm32cube.ide.mcu.externaltools.gnu-tools-for-stm32.13.3.rel1.linux64_1.0.0.202410170706/tools/bin/../lib/gcc/arm-none-eabi/13.3.1/thumb/v7-m/nofp/crti.o
 .ARM.attributes
                0x0000001d       0x2d /opt/st/stm32cubeide_1.18.1/plugins/com.st.stm32cube.ide.mcu.externaltools.gnu-tools-for-stm32.13.3.rel1.linux64_1.0.0.202410170706/tools/bin/../lib/gcc/arm-none-eabi/13.3.1/thumb/v7-m/nofp/crtbegin.o
 .ARM.attributes
                0x0000004a       0x2d ./Src/adc_ldr.o
 .ARM.attributes
                0x00000077       0x2d ./Src/aht20.o
 .ARM.attributes
                0x000000a4       0x2d ./Src/delay.o
 .ARM.attributes
                0x000000d1       0x2d ./Src/i2c.o
 .ARM.attributes
                0x000000fe       0x2d ./Src/main.o
 .ARM.attributes
                0x0000012b       0x2d ./Src/nrf24.o
 .ARM.attributes
                0x00000158       0x2d ./Src/sysmem.o
 .ARM.attributes
                0x00000185       0x2d ./Src/uart.o
 .ARM.attributes
                0x000001b2       0x21 ./Startup/startup_stm32f103c8tx.o
 .ARM.attributes
                0x000001d3       0x2d /opt/st/stm32cubeide_1.18.1/plugins/com.st.stm32cube.ide.mcu.externaltools.gnu-tools-for-stm32.13.3.rel1.linux64_1.0.0.202410170706/tools/bin/../lib/gcc/arm-none-eabi/13.3.1/../../../../arm-none-eabi/lib/thumb/v7-m/nofp/libc_nano.a(libc_a-findfp.o)
 .ARM.attributes
                0x00000200       0x2d /opt/st/stm32cubeide_1.18.1/plugins/com.st.stm32cube.ide.mcu.externaltools.gnu-tools-for-stm32.13.3.rel1.linux64_1.0.0.202410170706/tools/bin/../lib/gcc/arm-none-eabi/13.3.1/../../../../arm-none-eabi/lib/thumb/v7-m/nofp/libc_nano.a(libc_a-snprintf.o)
 .ARM.attributes
                0x0000022d       0x2d /opt/st/stm32cubeide_1.18.1/plugins/com.st.stm32cube.ide.mcu.externaltools.gnu-tools-for-stm32.13.3.rel1.linux64_1.0.0.202410170706/tools/bin/../lib/gcc/arm-none-eabi/13.3.1/../../../../arm-none-eabi/lib/thumb/v7-m/nofp/libc_nano.a(libc_a-sprintf.o)
 .ARM.attributes
                0x0000025a       0x2d /opt/st/stm32cubeide_1.18.1/plugins/com.st.stm32cube.ide.mcu.externaltools.gnu-tools-for-stm32.13.3.rel1.linux64_1.0.0.202410170706/tools/bin/../lib/gcc/arm-none-eabi/13.3.1/../../../../arm-none-eabi/lib/thumb/v7-m/nofp/libc_nano.a(libc_a-reent.o)
 .ARM.attributes
                0x00000287       0x2d /opt/st/stm32cubeide_1.18.1/plugins/com.st.stm32cube.ide.mcu.externaltools.gnu-tools-for-stm32.13.3.rel1.linux64_1.0.0.202410170706/tools/bin/../lib/gcc/arm-none-eabi/13.3.1/../../../../arm-none-eabi/lib/thumb/v7-m/nofp/libc_nano.a(libc_a-impure.o)
 .ARM.attributes
                0x000002b4       0x2d /opt/st/stm32cubeide_1.18.1/plugins/com.st.stm32cube.ide.mcu.externaltools.gnu-tools-for-stm32.13.3.rel1.linux64_1.0.0.202410170706/tools/bin/../lib/gcc/arm-none-eabi/13.3.1/../../../../arm-none-eabi/lib/thumb/v7-m/nofp/libc_nano.a(libc_a-errno.o)
 .ARM.attributes
                0x000002e1       0x2d /opt/st/stm32cubeide_1.18.1/plugins/com.st.stm32cube.ide.mcu.externaltools.gnu-tools-for-stm32.13.3.rel1.linux64_1.0.0.202410170706/tools/bin/../lib/gcc/arm-none-eabi/13.3.1/../../../../arm-none-eabi/lib/thumb/v7-m/nofp/libc_nano.a(libc_a-init.o)
 .ARM.attributes
                0x0000030e       0x2d /opt/st/stm32cubeide_1.18.1/plugins/com.st.stm32cube.ide.mcu.externaltools.gnu-tools-for-stm32.13.3.rel1.linux64_1.0.0.202410170706/tools/bin/../lib/gcc/arm-none-eabi/13.3.1/../../../../arm-none-eabi/lib/thumb/v7-m/nofp/libc_nano.a(libc_a-lock.o)
 .ARM.attributes
                0x0000033b       0x2d /opt/st/stm32cubeide_1.18.1/plugins/com.st.stm32cube.ide.mcu.externaltools.gnu-tools-for-stm32.13.3.rel1.linux64_1.0.0.202410170706/tools/bin/../lib/gcc/arm-none-eabi/13.3.1/../../../../arm-none-eabi/lib/thumb/v7-m/nofp/libc_nano.a(libc_a-freer.o)
 .ARM.attributes
                0x00000368       0x2d /opt/st/stm32cubeide_1.18.1/plugins/com.st.stm32cube.ide.mcu.externaltools.gnu-tools-for-stm32.13.3.rel1.linux64_1.0.0.202410170706/tools/bin/../lib/gcc/arm-none-eabi/13.3.1/../../../../arm-none-eabi/lib/thumb/v7-m/nofp/libc_nano.a(libc_a-mallocr.o)
 .ARM.attributes
                0x00000395       0x2d /opt/st/stm32cubeide_1.18.1/plugins/com.st.stm32cube.ide.mcu.externaltools.gnu-tools-for-stm32.13.3.rel1.linux64_1.0.0.202410170706/tools/bin/../lib/gcc/arm-none-eabi/13.3.1/../../../../arm-none-eabi/lib/thumb/v7-m/nofp/libc_nano.a(libc_a-mlock.o)
 .ARM.attributes
                0x000003c2       0x2d /opt/st/stm32cubeide_1.18.1/plugins/com.st.stm32cube.ide.mcu.externaltools.gnu-tools-for-stm32.13.3.rel1.linux64_1.0.0.202410170706/tools/bin/../lib/gcc/arm-none-eabi/13.3.1/../../../../arm-none-eabi/lib/thumb/v7-m/nofp/libc_nano.a(libc_a-nano-svfprintf.o)
 .ARM.attributes
                0x000003ef       0x2d /opt/st/stm32cubeide_1.18.1/plugins/com.st.stm32cube.ide.mcu.externaltools.gnu-tools-for-stm32.13.3.rel1.linux64_1.0.0.202410170706/tools/bin/../lib/gcc/arm-none-eabi/13.3.1/../../../../arm-none-eabi/lib/thumb/v7-m/nofp/libc_nano.a(libc_a-nano-vfprintf_i.o)
 .ARM.attributes
                0x0000041c       0x2d /opt/st/stm32cubeide_1.18.1/plugins/com.st.stm32cube.ide.mcu.externaltools.gnu-tools-for-stm32.13.3.rel1.linux64_1.0.0.202410170706/tools/bin/../lib/gcc/arm-none-eabi/13.3.1/../../../../arm-none-eabi/lib/thumb/v7-m/nofp/libc_nano.a(libc_a-memmove.o)
 .ARM.attributes
                0x00000449       0x2d /opt/st/stm32cubeide_1.18.1/plugins/com.st.stm32cube.ide.mcu.externaltools.gnu-tools-for-stm32.13.3.rel1.linux64_1.0.0.202410170706/tools/bin/../lib/gcc/arm-none-eabi/13.3.1/../../../../arm-none-eabi/lib/thumb/v7-m/nofp/libc_nano.a(libc_a-sbrkr.o)
 .ARM.attributes
                0x00000476       0x2d /opt/st/stm32cubeide_1.18.1/plugins/com.st.stm32cube.ide.mcu.externaltools.gnu-tools-for-stm32.13.3.rel1.linux64_1.0.0.202410170706/tools/bin/../lib/gcc/arm-none-eabi/13.3.1/../../../../arm-none-eabi/lib/thumb/v7-m/nofp/libc_nano.a(libc_a-memchr-stub.o)
 .ARM.attributes
                0x000004a3       0x2d /opt/st/stm32cubeide_1.18.1/plugins/com.st.stm32cube.ide.mcu.externaltools.gnu-tools-for-stm32.13.3.rel1.linux64_1.0.0.202410170706/tools/bin/../lib/gcc/arm-none-eabi/13.3.1/../../../../arm-none-eabi/lib/thumb/v7-m/nofp/libc_nano.a(libc_a-memcpy-stub.o)
 .ARM.attributes
                0x000004d0       0x2d /opt/st/stm32cubeide_1.18.1/plugins/com.st.stm32cube.ide.mcu.externaltools.gnu-tools-for-stm32.13.3.rel1.linux64_1.0.0.202410170706/tools/bin/../lib/gcc/arm-none-eabi/13.3.1/../../../../arm-none-eabi/lib/thumb/v7-m/nofp/libc_nano.a(libc_a-reallocr.o)
 .ARM.attributes
                0x000004fd       0x2d /opt/st/stm32cubeide_1.18.1/plugins/com.st.stm32cube.ide.mcu.externaltools.gnu-tools-for-stm32.13.3.rel1.linux64_1.0.0.202410170706/tools/bin/../lib/gcc/arm-none-eabi/13.3.1/../../../../arm-none-eabi/lib/thumb/v7-m/nofp/libc_nano.a(libc_a-msizer.o)
 .ARM.attributes
                0x0000052a       0x1d /opt/st/stm32cubeide_1.18.1/plugins/com.st.stm32cube.ide.mcu.externaltools.gnu-tools-for-stm32.13.3.rel1.linux64_1.0.0.202410170706/tools/bin/../lib/gcc/arm-none-eabi/13.3.1/thumb/v7-m/nofp/libgcc.a(_arm_addsubdf3.o)
 .ARM.attributes
                0x00000547       0x1d /opt/st/stm32cubeide_1.18.1/plugins/com.st.stm32cube.ide.mcu.externaltools.gnu-tools-for-stm32.13.3.rel1.linux64_1.0.0.202410170706/tools/bin/../lib/gcc/arm-none-eabi/13.3.1/thumb/v7-m/nofp/libgcc.a(_arm_addsubsf3.o)
 .ARM.attributes
                0x00000564       0x1d /opt/st/stm32cubeide_1.18.1/plugins/com.st.stm32cube.ide.mcu.externaltools.gnu-tools-for-stm32.13.3.rel1.linux64_1.0.0.202410170706/tools/bin/../lib/gcc/arm-none-eabi/13.3.1/thumb/v7-m/nofp/libgcc.a(_arm_muldivsf3.o)
 .ARM.attributes
                0x00000581       0x1d /opt/st/stm32cubeide_1.18.1/plugins/com.st.stm32cube.ide.mcu.externaltools.gnu-tools-for-stm32.13.3.rel1.linux64_1.0.0.202410170706/tools/bin/../lib/gcc/arm-none-eabi/13.3.1/thumb/v7-m/nofp/crtn.o
OUTPUT(BM_Led_Blink.elf elf32-littlearm)
LOAD linker stubs
LOAD /opt/st/stm32cubeide_1.18.1/plugins/com.st.stm32cube.ide.mcu.externaltools.gnu-tools-for-stm32.13.3.rel1.linux64_1.0.0.202410170706/tools/bin/../lib/gcc/arm-none-eabi/13.3.1/../../../../arm-none-eabi/lib/thumb/v7-m/nofp/libc.a
LOAD /opt/st/stm32cubeide_1.18.1/plugins/com.st.stm32cube.ide.mcu.externaltools.gnu-tools-for-stm32.13.3.rel1.linux64_1.0.0.202410170706/tools/bin/../lib/gcc/arm-none-eabi/13.3.1/../../../../arm-none-eabi/lib/thumb/v7-m/nofp/libm.a
LOAD /opt/st/stm32cubeide_1.18.1/plugins/com.st.stm32cube.ide.mcu.externaltools.gnu-tools-for-stm32.13.3.rel1.linux64_1.0.0.202410170706/tools/bin/../lib/gcc/arm-none-eabi/13.3.1/thumb/v7-m/nofp/libgcc.a

.debug_info     0x00000000     0x1b9f
 .debug_info    0x00000000      0x2ce ./Src/adc_ldr.o
 .debug_info    0x000002ce      0x1f9 ./Src/aht20.o
 .debug_info    0x000004c7      0x5ae ./Src/delay.o
 .debug_info    0x00000a75      0x3f4 ./Src/i2c.o
 .debug_info    0x00000e69      0x2f6 ./Src/main.o
 .debug_info    0x0000115f      0x5ad ./Src/nrf24.o
 .debug_info    0x0000170c      0x168 ./Src/sysmem.o
 .debug_info    0x00001874      0x2fb ./Src/uart.o
 .debug_info    0x00001b6f       0x30 ./Startup/startup_stm32f103c8tx.o

.debug_abbrev   0x00000000      0xa28
 .debug_abbrev  0x00000000      0x10d ./Src/adc_ldr.o
 .debug_abbrev  0x0000010d       0xfa ./Src/aht20.o
 .debug_abbrev  0x00000207      0x1af ./Src/delay.o
 .debug_abbrev  0x000003b6      0x143 ./Src/i2c.o
 .debug_abbrev  0x000004f9      0x161 ./Src/main.o
 .debug_abbrev  0x0000065a      0x186 ./Src/nrf24.o
 .debug_abbrev  0x000007e0       0xbc ./Src/sysmem.o
 .debug_abbrev  0x0000089c      0x168 ./Src/uart.o
 .debug_abbrev  0x00000a04       0x24 ./Startup/startup_stm32f103c8tx.o

.debug_aranges  0x00000000      0x238
 .debug_aranges
                0x00000000       0x28 ./Src/adc_ldr.o
 .debug_aranges
                0x00000028       0x28 ./Src/aht20.o
 .debug_aranges
                0x00000050       0x40 ./Src/delay.o
 .debug_aranges
                0x00000090       0x48 ./Src/i2c.o
 .debug_aranges
                0x000000d8       0x28 ./Src/main.o
 .debug_aranges
                0x00000100       0xb8 ./Src/nrf24.o
 .debug_aranges
                0x000001b8       0x20 ./Src/sysmem.o
 .debug_aranges
                0x000001d8       0x38 ./Src/uart.o
 .debug_aranges
                0x00000210       0x28 ./Startup/startup_stm32f103c8tx.o

.debug_rnglists
                0x00000000      0x186
 .debug_rnglists
                0x00000000       0x19 ./Src/adc_ldr.o
 .debug_rnglists
                0x00000019       0x1b ./Src/aht20.o
 .debug_rnglists
                0x00000034       0x2b ./Src/delay.o
 .debug_rnglists
                0x0000005f       0x35 ./Src/i2c.o
 .debug_rnglists
                0x00000094       0x1b ./Src/main.o
 .debug_rnglists
                0x000000af       0x86 ./Src/nrf24.o
 .debug_rnglists
                0x00000135       0x13 ./Src/sysmem.o
 .debug_rnglists
                0x00000148       0x25 ./Src/uart.o
 .debug_rnglists
                0x0000016d       0x19 ./Startup/startup_stm32f103c8tx.o

.debug_macro    0x00000000    0x1183c
 .debug_macro   0x00000000       0xc6 ./Src/adc_ldr.o
 .debug_macro   0x000000c6      0xad8 ./Src/adc_ldr.o
 .debug_macro   0x00000b9e       0x22 ./Src/adc_ldr.o
 .debug_macro   0x00000bc0       0x8e ./Src/adc_ldr.o
 .debug_macro   0x00000c4e       0x51 ./Src/adc_ldr.o
 .debug_macro   0x00000c9f      0x103 ./Src/adc_ldr.o
 .debug_macro   0x00000da2       0x6a ./Src/adc_ldr.o
 .debug_macro   0x00000e0c      0x1df ./Src/adc_ldr.o
 .debug_macro   0x00000feb       0x28 ./Src/adc_ldr.o
 .debug_macro   0x00001013       0x22 ./Src/adc_ldr.o
 .debug_macro   0x00001035       0x1c ./Src/adc_ldr.o
 .debug_macro   0x00001051       0x22 ./Src/adc_ldr.o
 .debug_macro   0x00001073       0xbd ./Src/adc_ldr.o
 .debug_macro   0x00001130      0xd23 ./Src/adc_ldr.o
 .debug_macro   0x00001e53     0xe09e ./Src/adc_ldr.o
 .debug_macro   0x0000fef1       0x43 ./Src/adc_ldr.o
 .debug_macro   0x0000ff34       0xfe ./Src/aht20.o
 .debug_macro   0x00010032       0x10 ./Src/aht20.o
 .debug_macro   0x00010042       0x16 ./Src/aht20.o
 .debug_macro   0x00010058       0x22 ./Src/aht20.o
 .debug_macro   0x0001007a       0x1c ./Src/aht20.o
 .debug_macro   0x00010096       0xbc ./Src/delay.o
 .debug_macro   0x00010152       0xd4 ./Src/i2c.o
 .debug_macro   0x00010226       0x16 ./Src/i2c.o
 .debug_macro   0x0001023c      0x212 ./Src/main.o
 .debug_macro   0x0001044e       0x88 ./Src/main.o
 .debug_macro   0x000104d6       0x61 ./Src/main.o
 .debug_macro   0x00010537       0x24 ./Src/main.o
 .debug_macro   0x0001055b       0x43 ./Src/main.o
 .debug_macro   0x0001059e       0x34 ./Src/main.o
 .debug_macro   0x000105d2      0x190 ./Src/main.o
 .debug_macro   0x00010762      0x370 ./Src/main.o
 .debug_macro   0x00010ad2       0x16 ./Src/main.o
 .debug_macro   0x00010ae8       0x4a ./Src/main.o
 .debug_macro   0x00010b32       0x34 ./Src/main.o
 .debug_macro   0x00010b66       0x10 ./Src/main.o
 .debug_macro   0x00010b76       0x58 ./Src/main.o
 .debug_macro   0x00010bce       0x8e ./Src/main.o
 .debug_macro   0x00010c5c       0x1c ./Src/main.o
 .debug_macro   0x00010c78      0x185 ./Src/main.o
 .debug_macro   0x00010dfd       0x10 ./Src/main.o
 .debug_macro   0x00010e0d       0x3c ./Src/main.o
 .debug_macro   0x00010e49       0x20 ./Src/main.o
 .debug_macro   0x00010e69       0x1c ./Src/main.o
 .debug_macro   0x00010e85       0x10 ./Src/main.o
 .debug_macro   0x00010e95       0x1c ./Src/main.o
 .debug_macro   0x00010eb1       0x16 ./Src/main.o
 .debug_macro   0x00010ec7      0x146 ./Src/main.o
 .debug_macro   0x0001100d       0xcb ./Src/nrf24.o
 .debug_macro   0x000110d8       0x82 ./Src/nrf24.o
 .debug_macro   0x0001115a      0x112 ./Src/sysmem.o
 .debug_macro   0x0001126c      0x23c ./Src/sysmem.o
 .debug_macro   0x000114a8      0x1a8 ./Src/uart.o
 .debug_macro   0x00011650       0x10 ./Src/uart.o
 .debug_macro   0x00011660       0x16 ./Src/uart.o
 .debug_macro   0x00011676       0x9e ./Src/uart.o
 .debug_macro   0x00011714      0x112 ./Src/uart.o
 .debug_macro   0x00011826       0x16 ./Src/uart.o

.debug_line     0x00000000     0x32c0
 .debug_line    0x00000000      0x528 ./Src/adc_ldr.o
 .debug_line    0x00000528      0x577 ./Src/aht20.o
 .debug_line    0x00000a9f      0x537 ./Src/delay.o
 .debug_line    0x00000fd6      0x792 ./Src/i2c.o
 .debug_line    0x00001768      0x70c ./Src/main.o
 .debug_line    0x00001e74      0x886 ./Src/nrf24.o
 .debug_line    0x000026fa      0x4b8 ./Src/sysmem.o
 .debug_line    0x00002bb2      0x693 ./Src/uart.o
 .debug_line    0x00003245       0x7b ./Startup/startup_stm32f103c8tx.o

.debug_str      0x00000000    0x58acd
 .debug_str     0x00000000    0x58acd ./Src/adc_ldr.o
                              0x54377 (size before relaxing)
 .debug_str     0x00058acd    0x5447e ./Src/aht20.o
 .debug_str     0x00058acd    0x546d1 ./Src/delay.o
 .debug_str     0x00058acd    0x5440a ./Src/i2c.o
 .debug_str     0x00058acd    0x5825a ./Src/main.o
 .debug_str     0x00058acd    0x5463c ./Src/nrf24.o
 .debug_str     0x00058acd     0x773f ./Src/sysmem.o
 .debug_str     0x00058acd    0x57e84 ./Src/uart.o
 .debug_str     0x00058acd       0x7e ./Startup/startup_stm32f103c8tx.o

.comment        0x00000000       0x43
 .comment       0x00000000       0x43 ./Src/adc_ldr.o
                                 0x44 (size before relaxing)
 .comment       0x00000043       0x44 ./Src/aht20.o
 .comment       0x00000043       0x44 ./Src/delay.o
 .comment       0x00000043       0x44 ./Src/i2c.o
 .comment       0x00000043       0x44 ./Src/main.o
 .comment       0x00000043       0x44 ./Src/nrf24.o
 .comment       0x00000043       0x44 ./Src/sysmem.o
 .comment       0x00000043       0x44 ./Src/uart.o

.debug_frame    0x00000000      0xd78
 .debug_frame   0x00000000       0x58 ./Src/adc_ldr.o
 .debug_frame   0x00000058       0x58 ./Src/aht20.o
 .debug_frame   0x000000b0       0xc4 ./Src/delay.o
 .debug_frame   0x00000174       0xe0 ./Src/i2c.o
 .debug_frame   0x00000254       0x4c ./Src/main.o
 .debug_frame   0x000002a0      0x2c4 ./Src/nrf24.o
 .debug_frame   0x00000564       0x34 ./Src/sysmem.o
 .debug_frame   0x00000598       0xa0 ./Src/uart.o
 .debug_frame   0x00000638      0x144 /opt/st/stm32cubeide_1.18.1/plugins/com.st.stm32cube.ide.mcu.externaltools.gnu-tools-for-stm32.13.3.rel1.linux64_1.0.0.202410170706/tools/bin/../lib/gcc/arm-none-eabi/13.3.1/../../../../arm-none-eabi/lib/thumb/v7-m/nofp/libc_nano.a(libc_a-findfp.o)
 .debug_frame   0x0000077c       0x7c /opt/st/stm32cubeide_1.18.1/plugins/com.st.stm32cube.ide.mcu.externaltools.gnu-tools-for-stm32.13.3.rel1.linux64_1.0.0.202410170706/tools/bin/../lib/gcc/arm-none-eabi/13.3.1/../../../../arm-none-eabi/lib/thumb/v7-m/nofp/libc_nano.a(libc_a-snprintf.o)
 .debug_frame   0x000007f8       0x74 /opt/st/stm32cubeide_1.18.1/plugins/com.st.stm32cube.ide.mcu.externaltools.gnu-tools-for-stm32.13.3.rel1.linux64_1.0.0.202410170706/tools/bin/../lib/gcc/arm-none-eabi/13.3.1/../../../../arm-none-eabi/lib/thumb/v7-m/nofp/libc_nano.a(libc_a-sprintf.o)
 .debug_frame   0x0000086c       0x38 /opt/st/stm32cubeide_1.18.1/plugins/com.st.stm32cube.ide.mcu.externaltools.gnu-tools-for-stm32.13.3.rel1.linux64_1.0.0.202410170706/tools/bin/../lib/gcc/arm-none-eabi/13.3.1/../../../../arm-none-eabi/lib/thumb/v7-m/nofp/libc_nano.a(libc_a-reent.o)
 .debug_frame   0x000008a4       0x20 /opt/st/stm32cubeide_1.18.1/plugins/com.st.stm32cube.ide.mcu.externaltools.gnu-tools-for-stm32.13.3.rel1.linux64_1.0.0.202410170706/tools/bin/../lib/gcc/arm-none-eabi/13.3.1/../../../../arm-none-eabi/lib/thumb/v7-m/nofp/libc_nano.a(libc_a-errno.o)
 .debug_frame   0x000008c4       0x2c /opt/st/stm32cubeide_1.18.1/plugins/com.st.stm32cube.ide.mcu.externaltools.gnu-tools-for-stm32.13.3.rel1.linux64_1.0.0.202410170706/tools/bin/../lib/gcc/arm-none-eabi/13.3.1/../../../../arm-none-eabi/lib/thumb/v7-m/nofp/libc_nano.a(libc_a-init.o)
 .debug_frame   0x000008f0       0xb0 /opt/st/stm32cubeide_1.18.1/plugins/com.st.stm32cube.ide.mcu.externaltools.gnu-tools-for-stm32.13.3.rel1.linux64_1.0.0.202410170706/tools/bin/../lib/gcc/arm-none-eabi/13.3.1/../../../../arm-none-eabi/lib/thumb/v7-m/nofp/libc_nano.a(libc_a-lock.o)
 .debug_frame   0x000009a0       0x38 /opt/st/stm32cubeide_1.18.1/plugins/com.st.stm32cube.ide.mcu.externaltools.gnu-tools-for-stm32.13.3.rel1.linux64_1.0.0.202410170706/tools/bin/../lib/gcc/arm-none-eabi/13.3.1/../../../../arm-none-eabi/lib/thumb/v7-m/nofp/libc_nano.a(libc_a-freer.o)
 .debug_frame   0x000009d8       0x50 /opt/st/stm32cubeide_1.18.1/plugins/com.st.stm32cube.ide.mcu.externaltools.gnu-tools-for-stm32.13.3.rel1.linux64_1.0.0.202410170706/tools/bin/../lib/gcc/arm-none-eabi/13.3.1/../../../../arm-none-eabi/lib/thumb/v7-m/nofp/libc_nano.a(libc_a-mallocr.o)
 .debug_frame   0x00000a28       0x30 /opt/st/stm32cubeide_1.18.1/plugins/com.st.stm32cube.ide.mcu.externaltools.gnu-tools-for-stm32.13.3.rel1.linux64_1.0.0.202410170706/tools/bin/../lib/gcc/arm-none-eabi/13.3.1/../../../../arm-none-eabi/lib/thumb/v7-m/nofp/libc_nano.a(libc_a-mlock.o)
 .debug_frame   0x00000a58       0x90 /opt/st/stm32cubeide_1.18.1/plugins/com.st.stm32cube.ide.mcu.externaltools.gnu-tools-for-stm32.13.3.rel1.linux64_1.0.0.202410170706/tools/bin/../lib/gcc/arm-none-eabi/13.3.1/../../../../arm-none-eabi/lib/thumb/v7-m/nofp/libc_nano.a(libc_a-nano-svfprintf.o)
 .debug_frame   0x00000ae8       0x60 /opt/st/stm32cubeide_1.18.1/plugins/com.st.stm32cube.ide.mcu.externaltools.gnu-tools-for-stm32.13.3.rel1.linux64_1.0.0.202410170706/tools/bin/../lib/gcc/arm-none-eabi/13.3.1/../../../../arm-none-eabi/lib/thumb/v7-m/nofp/libc_nano.a(libc_a-nano-vfprintf_i.o)
 .debug_frame   0x00000b48       0x28 /opt/st/stm32cubeide_1.18.1/plugins/com.st.stm32cube.ide.mcu.externaltools.gnu-tools-for-stm32.13.3.rel1.linux64_1.0.0.202410170706/tools/bin/../lib/gcc/arm-none-eabi/13.3.1/../../../../arm-none-eabi/lib/thumb/v7-m/nofp/libc_nano.a(libc_a-memmove.o)
 .debug_frame   0x00000b70       0x2c /opt/st/stm32cubeide_1.18.1/plugins/com.st.stm32cube.ide.mcu.externaltools.gnu-tools-for-stm32.13.3.rel1.linux64_1.0.0.202410170706/tools/bin/../lib/gcc/arm-none-eabi/13.3.1/../../../../arm-none-eabi/lib/thumb/v7-m/nofp/libc_nano.a(libc_a-sbrkr.o)
 .debug_frame   0x00000b9c       0x28 /opt/st/stm32cubeide_1.18.1/plugins/com.st.stm32cube.ide.mcu.externaltools.gnu-tools-for-stm32.13.3.rel1.linux64_1.0.0.202410170706/tools/bin/../lib/gcc/arm-none-eabi/13.3.1/../../../../arm-none-eabi/lib/thumb/v7-m/nofp/libc_nano.a(libc_a-memchr-stub.o)
 .debug_frame   0x00000bc4       0x28 /opt/st/stm32cubeide_1.18.1/plugins/com.st.stm32cube.ide.mcu.externaltools.gnu-tools-for-stm32.13.3.rel1.linux64_1.0.0.202410170706/tools/bin/../lib/gcc/arm-none-eabi/13.3.1/../../../../arm-none-eabi/lib/thumb/v7-m/nofp/libc_nano.a(libc_a-memcpy-stub.o)
 .debug_frame   0x00000bec       0x3c /opt/st/stm32cubeide_1.18.1/plugins/com.st.stm32cube.ide.mcu.externaltools.gnu-tools-for-stm32.13.3.rel1.linux64_1.0.0.202410170706/tools/bin/../lib/gcc/arm-none-eabi/13.3.1/../../../../arm-none-eabi/lib/thumb/v7-m/nofp/libc_nano.a(libc_a-reallocr.o)
 .debug_frame   0x00000c28       0x20 /opt/st/stm32cubeide_1.18.1/plugins/com.st.stm32cube.ide.mcu.externaltools.gnu-tools-for-stm32.13.3.rel1.linux64_1.0.0.202410170706/tools/bin/../lib/gcc/arm-none-eabi/13.3.1/../../../../arm-none-eabi/lib/thumb/v7-m/nofp/libc_nano.a(libc_a-msizer.o)
 .debug_frame   0x00000c48       0xac /opt/st/stm32cubeide_1.18.1/plugins/com.st.stm32cube.ide.mcu.externaltools.gnu-tools-for-stm32.13.3.rel1.linux64_1.0.0.202410170706/tools/bin/../lib/gcc/arm-none-eabi/13.3.1/thumb/v7-m/nofp/libgcc.a(_arm_addsubdf3.o)
 .debug_frame   0x00000cf4       0x4c /opt/st/stm32cubeide_1.18.1/plugins/com.st.stm32cube.ide.mcu.externaltools.gnu-tools-for-stm32.13.3.rel1.linux64_1.0.0.202410170706/tools/bin/../lib/gcc/arm-none-eabi/13.3.1/thumb/v7-m/nofp/libgcc.a(_arm_addsubsf3.o)
 .debug_frame   0x00000d40       0x38 /opt/st/stm32cubeide_1.18.1/plugins/com.st.stm32cube.ide.mcu.externaltools.gnu-tools-for-stm32.13.3.rel1.linux64_1.0.0.202410170706/tools/bin/../lib/gcc/arm-none-eabi/13.3.1/thumb/v7-m/nofp/libgcc.a(_arm_muldivsf3.o)

.debug_line_str
                0x00000000       0x62
 .debug_line_str
                0x00000000       0x62 ./Startup/startup_stm32f103c8tx.o
